../Core/Hardware/oled.c:13:6:WriteCmd	32	static
../Core/Hardware/oled.c:22:6:OLED_WR_CMD	32	static
../Core/Hardware/oled.c:27:6:OLED_WR_DATA	32	static
../Core/Hardware/oled.c:32:6:OLED_Init	8	static
../Core/Hardware/oled.c:39:6:OLED_Clear	16	static
../Core/Hardware/oled.c:52:6:OLED_Display_On	8	static
../Core/Hardware/oled.c:59:6:OLED_Display_Off	8	static
../Core/Hardware/oled.c:65:6:OLED_Set_Pos	16	static
../Core/Hardware/oled.c:72:6:OLED_On	16	static
../Core/Hardware/oled.c:84:14:oled_pow	24	static
../Core/Hardware/oled.c:96:6:OLED_ShowNum	24	static
../Core/Hardware/oled.c:120:6:OLED_ShowChar	32	static
../Core/Hardware/oled.c:143:6:OLED_ShowString	24	static
../Core/Hardware/oled.c:155:6:OLED_ShowCHinese	24	static
